2026-05-14 04:54:35: File '16908273081_d98118fa32_o.jpg' size 449972 is not match '449990'.(url: https://static.wikia.nocookie.net/axiom-verge/images/f/fa/16908273081_d98118fa32_o.jpg/revision/latest?cb=20151217095053). saving to images_mismatch dir
2026-05-14 04:55:08: File 'Aborted_Clone_Dying.jpg' size 247602 is not match '247639'.(url: https://static.wikia.nocookie.net/axiom-verge/images/a/a5/Aborted_Clone_Dying.jpg/revision/latest?cb=20150818020054). saving to images_mismatch dir
2026-05-14 04:55:16: File 'Achievement_AV1_Steam_100%_Health.jpg' size 2789 is not match '2807'.(url: https://static.wikia.nocookie.net/axiom-verge/images/6/65/Achievement_AV1_Steam_100%25_Health.jpg/revision/latest?cb=20220929173815). saving to images_mismatch dir
2026-05-14 04:55:20: File 'Achievement_AV1_Steam_100%_Items.jpg' size 3291 is not match '3309'.(url: https://static.wikia.nocookie.net/axiom-verge/images/1/1a/Achievement_AV1_Steam_100%25_Items.jpg/revision/latest?cb=20220929173816). saving to images_mismatch dir
2026-05-14 04:55:23: File 'Achievement_AV1_Steam_100%_Map.jpg' size 3345 is not match '3363'.(url: https://static.wikia.nocookie.net/axiom-verge/images/c/ce/Achievement_AV1_Steam_100%25_Map.jpg/revision/latest?cb=20220929173816). saving to images_mismatch dir
2026-05-14 04:55:27: File 'Achievement_AV1_Steam_100%_Notes.jpg' size 2717 is not match '2735'.(url: https://static.wikia.nocookie.net/axiom-verge/images/c/ce/Achievement_AV1_Steam_100%25_Notes.jpg/revision/latest?cb=20220929173816). saving to images_mismatch dir
2026-05-14 04:55:30: File 'Achievement_AV1_Steam_100%_Power.jpg' size 2859 is not match '2877'.(url: https://static.wikia.nocookie.net/axiom-verge/images/8/87/Achievement_AV1_Steam_100%25_Power.jpg/revision/latest?cb=20220929173816). saving to images_mismatch dir
2026-05-14 04:55:34: File 'Achievement_AV1_Steam_100%_Tools.jpg' size 2612 is not match '2630'.(url: https://static.wikia.nocookie.net/axiom-verge/images/a/ad/Achievement_AV1_Steam_100%25_Tools.jpg/revision/latest?cb=20220929173816). saving to images_mismatch dir
2026-05-14 04:55:38: File 'Achievement_AV1_Steam_100%_Weapons.jpg' size 2912 is not match '2930'.(url: https://static.wikia.nocookie.net/axiom-verge/images/6/64/Achievement_AV1_Steam_100%25_Weapons.jpg/revision/latest?cb=20220929173816). saving to images_mismatch dir
2026-05-14 04:55:42: File 'Achievement_AV1_Steam_Athetos.jpg' size 3440 is not match '3458'.(url: https://static.wikia.nocookie.net/axiom-verge/images/8/81/Achievement_AV1_Steam_Athetos.jpg/revision/latest?cb=20220929173816). saving to images_mismatch dir
2026-05-14 04:55:46: File 'Achievement_AV1_Steam_Brick_Breaker.jpg' size 3892 is not match '3910'.(url: https://static.wikia.nocookie.net/axiom-verge/images/a/a5/Achievement_AV1_Steam_Brick_Breaker.jpg/revision/latest?cb=20220929173816). saving to images_mismatch dir
2026-05-14 04:55:50: File 'Achievement_AV1_Steam_Bubble_Breaker.jpg' size 2514 is not match '2532'.(url: https://static.wikia.nocookie.net/axiom-verge/images/5/5d/Achievement_AV1_Steam_Bubble_Breaker.jpg/revision/latest?cb=20220929173816). saving to images_mismatch dir
2026-05-14 04:55:53: File 'Achievement_AV1_Steam_Clone.jpg' size 2061 is not match '2079'.(url: https://static.wikia.nocookie.net/axiom-verge/images/7/76/Achievement_AV1_Steam_Clone.jpg/revision/latest?cb=20220929173816). saving to images_mismatch dir
2026-05-14 04:55:57: File 'Achievement_AV1_Steam_Cryptologist.jpg' size 2639 is not match '2657'.(url: https://static.wikia.nocookie.net/axiom-verge/images/d/d4/Achievement_AV1_Steam_Cryptologist.jpg/revision/latest?cb=20220929173816). saving to images_mismatch dir
2026-05-14 04:56:01: File 'Achievement_AV1_Steam_Gir-Tab.jpg' size 3759 is not match '3777'.(url: https://static.wikia.nocookie.net/axiom-verge/images/1/1c/Achievement_AV1_Steam_Gir-Tab.jpg/revision/latest?cb=20220929173816). saving to images_mismatch dir
2026-05-14 04:56:05: File 'Achievement_AV1_Steam_Hack.jpg' size 2057 is not match '2075'.(url: https://static.wikia.nocookie.net/axiom-verge/images/0/02/Achievement_AV1_Steam_Hack.jpg/revision/latest?cb=20220929173816). saving to images_mismatch dir
2026-05-14 04:56:08: File 'Achievement_AV1_Steam_Hacker.jpg' size 1911 is not match '1929'.(url: https://static.wikia.nocookie.net/axiom-verge/images/6/6a/Achievement_AV1_Steam_Hacker.jpg/revision/latest?cb=20150919093731). saving to images_mismatch dir
2026-05-14 04:56:12: File 'Achievement_AV1_Steam_Hallucination.jpg' size 3791 is not match '3809'.(url: https://static.wikia.nocookie.net/axiom-verge/images/8/82/Achievement_AV1_Steam_Hallucination.jpg/revision/latest?cb=20220929173816). saving to images_mismatch dir
2026-05-14 04:56:16: File 'Achievement_AV1_Steam_Hard.jpg' size 1675 is not match '1693'.(url: https://static.wikia.nocookie.net/axiom-verge/images/8/85/Achievement_AV1_Steam_Hard.jpg/revision/latest?cb=20220929173816). saving to images_mismatch dir
2026-05-14 04:56:19: File 'Achievement_AV1_Steam_Low_%.jpg' size 2870 is not match '2888'.(url: https://static.wikia.nocookie.net/axiom-verge/images/1/1a/Achievement_AV1_Steam_Low_%25.jpg/revision/latest?cb=20220929173816). saving to images_mismatch dir
2026-05-14 04:56:23: File 'Achievement_AV1_Steam_Mercy.jpg' size 3644 is not match '3662'.(url: https://static.wikia.nocookie.net/axiom-verge/images/c/c5/Achievement_AV1_Steam_Mercy.jpg/revision/latest?cb=20220929173816). saving to images_mismatch dir
2026-05-14 04:56:27: File 'Achievement_AV1_Steam_Mostly_Invincible.jpg' size 3512 is not match '3530'.(url: https://static.wikia.nocookie.net/axiom-verge/images/b/b8/Achievement_AV1_Steam_Mostly_Invincible.jpg/revision/latest?cb=20220929173816). saving to images_mismatch dir
2026-05-14 04:56:30: File 'Achievement_AV1_Steam_Overclocked.jpg' size 2332 is not match '2350'.(url: https://static.wikia.nocookie.net/axiom-verge/images/e/e5/Achievement_AV1_Steam_Overclocked.jpg/revision/latest?cb=20220929173817). saving to images_mismatch dir
2026-05-14 04:56:34: File 'Achievement_AV1_Steam_Pacifist.jpg' size 2334 is not match '2352'.(url: https://static.wikia.nocookie.net/axiom-verge/images/4/46/Achievement_AV1_Steam_Pacifist.jpg/revision/latest?cb=20220929173817). saving to images_mismatch dir
2026-05-14 04:56:38: File 'Achievement_AV1_Steam_Secret_World.jpg' size 1594 is not match '1612'.(url: https://static.wikia.nocookie.net/axiom-verge/images/6/6d/Achievement_AV1_Steam_Secret_World.jpg/revision/latest?cb=20220929173817). saving to images_mismatch dir
2026-05-14 04:56:41: File 'Achievement_AV1_Steam_Sentinel.jpg' size 3671 is not match '3689'.(url: https://static.wikia.nocookie.net/axiom-verge/images/e/e9/Achievement_AV1_Steam_Sentinel.jpg/revision/latest?cb=20220929173817). saving to images_mismatch dir
2026-05-14 04:56:45: File 'Achievement_AV1_Steam_Speedrunner.jpg' size 1838 is not match '1856'.(url: https://static.wikia.nocookie.net/axiom-verge/images/0/0c/Achievement_AV1_Steam_Speedrunner.jpg/revision/latest?cb=20220929173817). saving to images_mismatch dir
2026-05-14 04:56:49: File 'Achievement_AV1_Steam_Telal.jpg' size 3746 is not match '3764'.(url: https://static.wikia.nocookie.net/axiom-verge/images/6/67/Achievement_AV1_Steam_Telal.jpg/revision/latest?cb=20220929173817). saving to images_mismatch dir
2026-05-14 04:56:53: File 'Achievement_AV1_Steam_Ukhu.jpg' size 3727 is not match '3745'.(url: https://static.wikia.nocookie.net/axiom-verge/images/4/44/Achievement_AV1_Steam_Ukhu.jpg/revision/latest?cb=20220929173817). saving to images_mismatch dir
2026-05-14 04:56:57: File 'Achievement_AV1_Steam_Uruku.jpg' size 3534 is not match '3552'.(url: https://static.wikia.nocookie.net/axiom-verge/images/f/f5/Achievement_AV1_Steam_Uruku.jpg/revision/latest?cb=20220929173817). saving to images_mismatch dir
2026-05-14 04:57:00: File 'Achievement_AV1_Steam_Xedur.jpg' size 3314 is not match '3332'.(url: https://static.wikia.nocookie.net/axiom-verge/images/b/b8/Achievement_AV1_Steam_Xedur.jpg/revision/latest?cb=20220929173817). saving to images_mismatch dir
2026-05-14 04:57:04: File 'Achievement_AV2_Steam_100%_Apocalypse_Flasks.jpg' size 12727 is not match '12745'.(url: https://static.wikia.nocookie.net/axiom-verge/images/3/36/Achievement_AV2_Steam_100%25_Apocalypse_Flasks.jpg/revision/latest?cb=20220929173817). saving to images_mismatch dir
2026-05-14 04:57:08: File 'Achievement_AV2_Steam_100%_Arms.jpg' size 15780 is not match '15798'.(url: https://static.wikia.nocookie.net/axiom-verge/images/3/3b/Achievement_AV2_Steam_100%25_Arms.jpg/revision/latest?cb=20220929173817). saving to images_mismatch dir
2026-05-14 04:57:12: File 'Achievement_AV2_Steam_100%_Health.jpg' size 12970 is not match '12988'.(url: https://static.wikia.nocookie.net/axiom-verge/images/6/62/Achievement_AV2_Steam_100%25_Health.jpg/revision/latest?cb=20220929173817). saving to images_mismatch dir
2026-05-14 04:57:15: File 'Achievement_AV2_Steam_100%_Items.jpg' size 26189 is not match '26207'.(url: https://static.wikia.nocookie.net/axiom-verge/images/a/a2/Achievement_AV2_Steam_100%25_Items.jpg/revision/latest?cb=20220929173817). saving to images_mismatch dir
2026-05-14 04:57:19: File 'Achievement_AV2_Steam_100%_Lore.jpg' size 12567 is not match '12585'.(url: https://static.wikia.nocookie.net/axiom-verge/images/c/c8/Achievement_AV2_Steam_100%25_Lore.jpg/revision/latest?cb=20220929173817). saving to images_mismatch dir
2026-05-14 04:57:23: File 'Achievement_AV2_Steam_100%_Map.jpg' size 24026 is not match '24044'.(url: https://static.wikia.nocookie.net/axiom-verge/images/c/c0/Achievement_AV2_Steam_100%25_Map.jpg/revision/latest?cb=20220929173817). saving to images_mismatch dir
2026-05-14 04:57:27: File 'Achievement_AV2_Steam_100%_Weapons.jpg' size 14865 is not match '14883'.(url: https://static.wikia.nocookie.net/axiom-verge/images/9/9e/Achievement_AV2_Steam_100%25_Weapons.jpg/revision/latest?cb=20220929173817). saving to images_mismatch dir
2026-05-14 04:57:32: File 'Achievement_AV2_Steam_Accessible.jpg' size 9461 is not match '9479'.(url: https://static.wikia.nocookie.net/axiom-verge/images/7/71/Achievement_AV2_Steam_Accessible.jpg/revision/latest?cb=20220929173817). saving to images_mismatch dir
2026-05-14 04:57:35: File 'Achievement_AV2_Steam_Amashilama.jpg' size 34734 is not match '34752'.(url: https://static.wikia.nocookie.net/axiom-verge/images/c/cb/Achievement_AV2_Steam_Amashilama.jpg/revision/latest?cb=20220929173817). saving to images_mismatch dir
2026-05-14 04:57:39: File 'Achievement_AV2_Steam_An_Alu.jpg' size 28681 is not match '28699'.(url: https://static.wikia.nocookie.net/axiom-verge/images/6/65/Achievement_AV2_Steam_An_Alu.jpg/revision/latest?cb=20220929173818). saving to images_mismatch dir
2026-05-14 04:57:43: File 'Achievement_AV2_Steam_Breach.jpg' size 22553 is not match '22571'.(url: https://static.wikia.nocookie.net/axiom-verge/images/7/71/Achievement_AV2_Steam_Breach.jpg/revision/latest?cb=20220929173818). saving to images_mismatch dir
2026-05-14 04:57:47: File 'Achievement_AV2_Steam_Bubble_Burster.jpg' size 22352 is not match '22370'.(url: https://static.wikia.nocookie.net/axiom-verge/images/5/57/Achievement_AV2_Steam_Bubble_Burster.jpg/revision/latest?cb=20220929173818). saving to images_mismatch dir
2026-05-14 04:57:51: File 'Achievement_AV2_Steam_Demolitionist.jpg' size 18032 is not match '18050'.(url: https://static.wikia.nocookie.net/axiom-verge/images/4/4e/Achievement_AV2_Steam_Demolitionist.jpg/revision/latest?cb=20220929173821). saving to images_mismatch dir
2026-05-14 04:57:54: File 'Achievement_AV2_Steam_Ellag.jpg' size 14417 is not match '14435'.(url: https://static.wikia.nocookie.net/axiom-verge/images/f/fe/Achievement_AV2_Steam_Ellag.jpg/revision/latest?cb=20220929173818). saving to images_mismatch dir
2026-05-14 04:57:58: File 'Achievement_AV2_Steam_Gubi.jpg' size 28814 is not match '28832'.(url: https://static.wikia.nocookie.net/axiom-verge/images/c/c7/Achievement_AV2_Steam_Gubi.jpg/revision/latest?cb=20220929173818). saving to images_mismatch dir
2026-05-14 04:58:02: File 'Achievement_AV2_Steam_Gudam.jpg' size 32163 is not match '32181'.(url: https://static.wikia.nocookie.net/axiom-verge/images/1/1a/Achievement_AV2_Steam_Gudam.jpg/revision/latest?cb=20220929173818). saving to images_mismatch dir
2026-05-14 04:58:06: File 'Achievement_AV2_Steam_Hack.jpg' size 16264 is not match '16282'.(url: https://static.wikia.nocookie.net/axiom-verge/images/3/3b/Achievement_AV2_Steam_Hack.jpg/revision/latest?cb=20220929173818). saving to images_mismatch dir
2026-05-14 04:58:10: File 'Achievement_AV2_Steam_Hacker.jpg' size 37365 is not match '37383'.(url: https://static.wikia.nocookie.net/axiom-verge/images/b/b4/Achievement_AV2_Steam_Hacker.jpg/revision/latest?cb=20220929173818). saving to images_mismatch dir
2026-05-14 04:58:13: File 'Achievement_AV2_Steam_Low_Percent.jpg' size 19707 is not match '19725'.(url: https://static.wikia.nocookie.net/axiom-verge/images/b/b8/Achievement_AV2_Steam_Low_Percent.jpg/revision/latest?cb=20220929173818). saving to images_mismatch dir
2026-05-14 04:58:17: File 'Achievement_AV2_Steam_MUS_A_M20.jpg' size 28391 is not match '28409'.(url: https://static.wikia.nocookie.net/axiom-verge/images/d/dc/Achievement_AV2_Steam_MUS_A_M20.jpg/revision/latest?cb=20220929173818). saving to images_mismatch dir
2026-05-14 04:58:21: File 'Achievement_AV2_Steam_Mostly_Invincible.jpg' size 16399 is not match '16417'.(url: https://static.wikia.nocookie.net/axiom-verge/images/5/57/Achievement_AV2_Steam_Mostly_Invincible.jpg/revision/latest?cb=20220929173818). saving to images_mismatch dir
2026-05-14 04:58:24: File 'Achievement_AV2_Steam_Overclocked.jpg' size 14453 is not match '14471'.(url: https://static.wikia.nocookie.net/axiom-verge/images/d/d7/Achievement_AV2_Steam_Overclocked.jpg/revision/latest?cb=20220929173818). saving to images_mismatch dir
2026-05-14 04:58:28: File 'Achievement_AV2_Steam_Pacifist.jpg' size 13627 is not match '13645'.(url: https://static.wikia.nocookie.net/axiom-verge/images/d/dc/Achievement_AV2_Steam_Pacifist.jpg/revision/latest?cb=20220929173818). saving to images_mismatch dir
2026-05-14 04:58:32: File 'Achievement_AV2_Steam_Possessed_Indra.jpg' size 10008 is not match '10026'.(url: https://static.wikia.nocookie.net/axiom-verge/images/1/14/Achievement_AV2_Steam_Possessed_Indra.jpg/revision/latest?cb=20220929173818). saving to images_mismatch dir
2026-05-14 04:58:35: File 'Achievement_AV2_Steam_Robopede.jpg' size 16131 is not match '16149'.(url: https://static.wikia.nocookie.net/axiom-verge/images/e/e5/Achievement_AV2_Steam_Robopede.jpg/revision/latest?cb=20220929173818). saving to images_mismatch dir
2026-05-14 04:58:39: File 'Achievement_AV2_Steam_Speedrunner.jpg' size 12598 is not match '12616'.(url: https://static.wikia.nocookie.net/axiom-verge/images/5/56/Achievement_AV2_Steam_Speedrunner.jpg/revision/latest?cb=20220929173818). saving to images_mismatch dir
2026-05-14 04:58:42: File 'Achievement_AV2_Steam_Super_Axiom_Verge_2_Turbo_DX_Plus.jpg' size 4128 is not match '4146'.(url: https://static.wikia.nocookie.net/axiom-verge/images/a/ad/Achievement_AV2_Steam_Super_Axiom_Verge_2_Turbo_DX_Plus.jpg/revision/latest?cb=20220929173817). saving to images_mismatch dir
2026-05-14 04:58:46: File 'Achievement_AV2_Steam_Weed_Whacker.jpg' size 25570 is not match '25588'.(url: https://static.wikia.nocookie.net/axiom-verge/images/4/47/Achievement_AV2_Steam_Weed_Whacker.jpg/revision/latest?cb=20220929173818). saving to images_mismatch dir
2026-05-14 05:00:17: File 'Ansible.png' size 91944 is not match '93258'.(url: https://static.wikia.nocookie.net/axiom-verge/images/1/1c/Ansible.png/revision/latest?cb=20200612163506). saving to images_mismatch dir
2026-05-14 05:01:25: File 'Axiom-Verge-2-OST.jpg' size 276371 is not match '276389'.(url: https://static.wikia.nocookie.net/axiom-verge/images/b/b2/Axiom-Verge-2-OST.jpg/revision/latest?cb=20211025003640). saving to images_mismatch dir
2026-05-14 05:01:29: File 'Axiom-Verge-OST.jpg' size 331187 is not match '331205'.(url: https://static.wikia.nocookie.net/axiom-verge/images/e/ef/Axiom-Verge-OST.jpg/revision/latest?cb=20211025003546). saving to images_mismatch dir
2026-05-14 05:01:33: File 'Axiom-Verge-title.jpg' size 272980 is not match '286374'.(url: https://static.wikia.nocookie.net/axiom-verge/images/1/15/Axiom-Verge-title.jpg/revision/latest?cb=20150310220500). saving to images_mismatch dir
2026-05-14 05:01:37: File 'Axiom-verge-ending-deciphering.png' size 107732 is not match '108157'.(url: https://static.wikia.nocookie.net/axiom-verge/images/7/76/Axiom-verge-ending-deciphering.png/revision/latest?cb=20200322065844). saving to images_mismatch dir
2026-05-14 05:02:08: File 'Axiom_Verge_(1).jpg' size 305603 is not match '305621'.(url: https://static.wikia.nocookie.net/axiom-verge/images/4/40/Axiom_Verge_%281%29.jpg/revision/latest?cb=20150310220457). saving to images_mismatch dir
2026-05-14 05:02:33: File 'Axiom_Verge_(2).jpg' size 478642 is not match '478660'.(url: https://static.wikia.nocookie.net/axiom-verge/images/a/ae/Axiom_Verge_%282%29.jpg/revision/latest?cb=20150310220457). saving to images_mismatch dir
2026-05-14 05:02:41: File 'Axiom_Verge_(3).jpg' size 434166 is not match '434184'.(url: https://static.wikia.nocookie.net/axiom-verge/images/3/3b/Axiom_Verge_%283%29.jpg/revision/latest?cb=20150310220458). saving to images_mismatch dir
2026-05-14 05:02:48: File 'Axiom_Verge_(4).jpg' size 328964 is not match '328982'.(url: https://static.wikia.nocookie.net/axiom-verge/images/9/9b/Axiom_Verge_%284%29.jpg/revision/latest?cb=20150310220458). saving to images_mismatch dir
2026-05-14 05:02:55: File 'Axiom_Verge_(5).jpg' size 167882 is not match '167900'.(url: https://static.wikia.nocookie.net/axiom-verge/images/0/07/Axiom_Verge_%285%29.jpg/revision/latest?cb=20150310220458). saving to images_mismatch dir
2026-05-14 05:03:02: File 'Axiom_Verge_(6).jpg' size 68478 is not match '68496'.(url: https://static.wikia.nocookie.net/axiom-verge/images/e/e9/Axiom_Verge_%286%29.jpg/revision/latest?cb=20150310220459). saving to images_mismatch dir
2026-05-14 05:03:21: File 'Axiom_Verge_2.jpg' size 167716 is not match '167734'.(url: https://static.wikia.nocookie.net/axiom-verge/images/d/db/Axiom_Verge_2.jpg/revision/latest?cb=20200623021232). saving to images_mismatch dir
2026-05-14 05:03:25: File 'Axiom_Verge_20150802210528.jpg' size 525598 is not match '535183'.(url: https://static.wikia.nocookie.net/axiom-verge/images/b/bf/Axiom_Verge_20150802210528.jpg/revision/latest?cb=20150803014320). saving to images_mismatch dir
2026-05-14 05:03:29: File 'Axiom_Verge_2_-_Announcement_Trailer' size 30844 is not match '30862'.(url: https://static.wikia.nocookie.net/axiom-verge/images/e/ee/Axiom_Verge_2_-_Announcement_Trailer/revision/latest?cb=20200623020817). saving to images_mismatch dir
2026-05-14 05:03:33: File 'Axiom_Verge_2_-_Announcement_Trailer_-_Nintendo_Switch' size 30844 is not match '30862'.(url: https://static.wikia.nocookie.net/axiom-verge/images/f/fc/Axiom_Verge_2_-_Announcement_Trailer_-_Nintendo_Switch/revision/latest?cb=20200612162448). saving to images_mismatch dir
2026-05-14 05:03:37: File 'Axiom_Verge_2_Banner.jpg' size 313041 is not match '313059'.(url: https://static.wikia.nocookie.net/axiom-verge/images/5/5e/Axiom_Verge_2_Banner.jpg/revision/latest?cb=20200612162943). saving to images_mismatch dir
2026-05-14 05:03:54: File 'Axiom_verge-2553342.jpg' size 99364 is not match '99382'.(url: https://static.wikia.nocookie.net/axiom-verge/images/9/9c/Axiom_verge-2553342.jpg/revision/latest?cb=20150310220459). saving to images_mismatch dir
2026-05-14 05:05:32: File 'Breach_Attractor_(AV2).png' size 1018 is not match '5980'.(url: https://static.wikia.nocookie.net/axiom-verge/images/7/7f/Breach_Attractor_%28AV2%29.png/revision/latest?cb=20220921084152). saving to images_mismatch dir
2026-05-14 05:05:36: File 'Breach_Attractor_Cutscene_Image.jpg' size 175836 is not match '175873'.(url: https://static.wikia.nocookie.net/axiom-verge/images/9/9e/Breach_Attractor_Cutscene_Image.jpg/revision/latest?cb=20150730164238). saving to images_mismatch dir
2026-05-14 05:06:31: File 'Compass.png' size 919 is not match '5646'.(url: https://static.wikia.nocookie.net/axiom-verge/images/9/92/Compass.png/revision/latest?cb=20220921085809). saving to images_mismatch dir
2026-05-14 05:06:56: File 'Crevasse.png' size 147841 is not match '149155'.(url: https://static.wikia.nocookie.net/axiom-verge/images/3/3a/Crevasse.png/revision/latest?cb=20200612163506). saving to images_mismatch dir
2026-05-14 05:07:38: File 'Daraga_Floating_In_Ukkin-Na.jpg' size 46771 is not match '46808'.(url: https://static.wikia.nocookie.net/axiom-verge/images/b/bd/Daraga_Floating_In_Ukkin-Na.jpg/revision/latest?cb=20150801022814). saving to images_mismatch dir
2026-05-14 05:08:09: File 'DigSite.png' size 132964 is not match '134278'.(url: https://static.wikia.nocookie.net/axiom-verge/images/5/55/DigSite.png/revision/latest?cb=20200612163507). saving to images_mismatch dir
2026-05-14 05:09:16: File 'Dr_Hammond_in_Doorway.jpg' size 58963 is not match '59000'.(url: https://static.wikia.nocookie.net/axiom-verge/images/1/1f/Dr_Hammond_in_Doorway.jpg/revision/latest?cb=20150929040850). saving to images_mismatch dir
2026-05-14 05:10:30: File 'Edin_Ruins.jpg' size 278137 is not match '294904'.(url: https://static.wikia.nocookie.net/axiom-verge/images/b/b8/Edin_Ruins.jpg/revision/latest?cb=20220522031808). saving to images_mismatch dir
2026-05-14 05:13:17: File 'FortressBreachPortal.png' size 348377 is not match '350206'.(url: https://static.wikia.nocookie.net/axiom-verge/images/0/01/FortressBreachPortal.png/revision/latest?cb=20200612163507). saving to images_mismatch dir
2026-05-14 05:13:51: File 'Gir_Tab_Variant_Battle.jpg' size 166085 is not match '166122'.(url: https://static.wikia.nocookie.net/axiom-verge/images/c/c1/Gir_Tab_Variant_Battle.jpg/revision/latest?cb=20150818014424). saving to images_mismatch dir
2026-05-14 05:15:51: File 'Health_Node_Notification.jpg' size 24290 is not match '24327'.(url: https://static.wikia.nocookie.net/axiom-verge/images/e/e1/Health_Node_Notification.jpg/revision/latest?cb=20150715153623). saving to images_mismatch dir
2026-05-14 05:16:09: File 'Heatseeker_Icon.png' size 342 is not match '15182'.(url: https://static.wikia.nocookie.net/axiom-verge/images/f/f0/Heatseeker_Icon.png/revision/latest?cb=20150721115802). saving to images_mismatch dir
2026-05-14 05:16:13: File 'Heli.png' size 101367 is not match '102681'.(url: https://static.wikia.nocookie.net/axiom-verge/images/5/5a/Heli.png/revision/latest?cb=20200612163508). saving to images_mismatch dir
2026-05-14 05:16:38: File 'HunterDrone.png' size 212576 is not match '213890'.(url: https://static.wikia.nocookie.net/axiom-verge/images/f/fd/HunterDrone.png/revision/latest?cb=20200612163508). saving to images_mismatch dir
2026-05-14 05:17:39: File 'Indra_and_lamassu.jpg' size 120471 is not match '120489'.(url: https://static.wikia.nocookie.net/axiom-verge/images/4/4c/Indra_and_lamassu.jpg/revision/latest?cb=20211124213411). saving to images_mismatch dir
2026-05-14 05:17:46: File 'Indra_icon.png' size 36376 is not match '37484'.(url: https://static.wikia.nocookie.net/axiom-verge/images/e/ec/Indra_icon.png/revision/latest?cb=20210219105825). saving to images_mismatch dir
2026-05-14 05:17:51: File 'Indra_icon_fixed.png' size 36399 is not match '37507'.(url: https://static.wikia.nocookie.net/axiom-verge/images/e/e4/Indra_icon_fixed.png/revision/latest?cb=20210219111335). saving to images_mismatch dir
2026-05-14 05:18:56: File 'Jellyfish_Enemy.jpg' size 8970 is not match '9007'.(url: https://static.wikia.nocookie.net/axiom-verge/images/3/3f/Jellyfish_Enemy.jpg/revision/latest?cb=20150810014913). saving to images_mismatch dir
2026-05-14 05:19:04: File 'JonesTown.png' size 135172 is not match '136486'.(url: https://static.wikia.nocookie.net/axiom-verge/images/6/67/JonesTown.png/revision/latest?cb=20200612163509). saving to images_mismatch dir
2026-05-14 05:21:48: File 'Mar-Uru1.jpg' size 417061 is not match '417098'.(url: https://static.wikia.nocookie.net/axiom-verge/images/1/14/Mar-Uru1.jpg/revision/latest?cb=20150830184445). saving to images_mismatch dir
2026-05-14 05:22:22: File 'MountainClimb.png' size 179415 is not match '180729'.(url: https://static.wikia.nocookie.net/axiom-verge/images/e/e5/MountainClimb.png/revision/latest?cb=20200612163509). saving to images_mismatch dir
2026-05-14 05:22:27: File 'Mountain_Brush.jpg' size 216713 is not match '233480'.(url: https://static.wikia.nocookie.net/axiom-verge/images/9/92/Mountain_Brush.jpg/revision/latest?cb=20220522033731). saving to images_mismatch dir
2026-05-14 05:26:52: File 'Oracca_Carries_Trace.jpg' size 268563 is not match '268600'.(url: https://static.wikia.nocookie.net/axiom-verge/images/f/f2/Oracca_Carries_Trace.jpg/revision/latest?cb=20150801022035). saving to images_mismatch dir
2026-05-14 05:27:43: File 'Pipes.jpg' size 343588 is not match '360355'.(url: https://static.wikia.nocookie.net/axiom-verge/images/9/9d/Pipes.jpg/revision/latest?cb=20220522035041). saving to images_mismatch dir
2026-05-14 05:27:54: File 'Power_Filter_Composite.jpg' size 191762 is not match '191799'.(url: https://static.wikia.nocookie.net/axiom-verge/images/3/3c/Power_Filter_Composite.jpg/revision/latest?cb=20150713013115). saving to images_mismatch dir
2026-05-14 05:28:09: File 'Power_Node_Fragment.png' size 674 is not match '10705'.(url: https://static.wikia.nocookie.net/axiom-verge/images/b/b1/Power_Node_Fragment.png/revision/latest?cb=20220920083408). saving to images_mismatch dir
2026-05-14 05:31:18: File 'Repair_Drone_Image1.jpg' size 4566 is not match '4603'.(url: https://static.wikia.nocookie.net/axiom-verge/images/f/f2/Repair_Drone_Image1.jpg/revision/latest?cb=20150818015143). saving to images_mismatch dir
2026-05-14 05:31:21: File 'Repair_Drone_Image2.jpg' size 7139 is not match '7176'.(url: https://static.wikia.nocookie.net/axiom-verge/images/d/dd/Repair_Drone_Image2.jpg/revision/latest?cb=20150818015143). saving to images_mismatch dir
2026-05-14 05:31:25: File 'Repair_Drone_Image3.jpg' size 2939 is not match '2976'.(url: https://static.wikia.nocookie.net/axiom-verge/images/d/d0/Repair_Drone_Image3.jpg/revision/latest?cb=20150818015144). saving to images_mismatch dir
2026-05-14 05:32:04: File 'Ruins_of_Udug.jpg' size 260000 is not match '276767'.(url: https://static.wikia.nocookie.net/axiom-verge/images/0/08/Ruins_of_Udug.jpg/revision/latest?cb=20220522034821). saving to images_mismatch dir
2026-05-14 05:33:15: File 'SerpentDrone.png' size 229897 is not match '231211'.(url: https://static.wikia.nocookie.net/axiom-verge/images/8/82/SerpentDrone.png/revision/latest?cb=20200612163510). saving to images_mismatch dir
2026-05-14 05:33:26: File 'Shaol_found.jpg' size 549829 is not match '549847'.(url: https://static.wikia.nocookie.net/axiom-verge/images/8/8d/Shaol_found.jpg/revision/latest?cb=20220901184938). saving to images_mismatch dir
2026-05-14 05:34:25: File 'Site-background-dark' size 285245 is not match '285263'.(url: https://static.wikia.nocookie.net/axiom-verge/images/0/08/Site-background-dark/revision/latest?cb=20210623014010). saving to images_mismatch dir
2026-05-14 05:34:32: File 'Size_Node.png' size 668 is not match '12891'.(url: https://static.wikia.nocookie.net/axiom-verge/images/0/05/Size_Node.png/revision/latest?cb=20220920083449). saving to images_mismatch dir
2026-05-14 05:34:50: File 'Slug_in_the_room_just_before_the_FlameThrower_spawning_a_Health_Node_Fragment.jpg' size 528279 is not match '540223'.(url: https://static.wikia.nocookie.net/axiom-verge/images/3/38/Slug_in_the_room_just_before_the_FlameThrower_spawning_a_Health_Node_Fragment.jpg/revision/latest?cb=20210613003200). saving to images_mismatch dir
2026-05-14 05:34:54: File 'Slugs_in_Eribu_spawning_Health_Node_Fragments.jpg' size 546670 is not match '559795'.(url: https://static.wikia.nocookie.net/axiom-verge/images/4/43/Slugs_in_Eribu_spawning_Health_Node_Fragments.jpg/revision/latest?cb=20210613001555). saving to images_mismatch dir
2026-05-14 05:35:02: File 'SonarDrone2.png' size 104836 is not match '106150'.(url: https://static.wikia.nocookie.net/axiom-verge/images/8/87/SonarDrone2.png/revision/latest?cb=20200612163510). saving to images_mismatch dir
2026-05-14 05:35:06: File 'Soundtrack.jpg' size 35408 is not match '63880'.(url: https://static.wikia.nocookie.net/axiom-verge/images/7/74/Soundtrack.jpg/revision/latest?cb=20211025021113). saving to images_mismatch dir
2026-05-14 05:36:25: File 'Telal_Battle.jpg' size 354402 is not match '354439'.(url: https://static.wikia.nocookie.net/axiom-verge/images/1/1d/Telal_Battle.jpg/revision/latest?cb=20150806015615). saving to images_mismatch dir
2026-05-14 05:37:10: File 'Thomas_Happ.jpg' size 211781 is not match '211799'.(url: https://static.wikia.nocookie.net/axiom-verge/images/a/a2/Thomas_Happ.jpg/revision/latest?cb=20151215104726). saving to images_mismatch dir
2026-05-14 05:39:39: File 'Veruska-Rusalka.jpg' size 285625 is not match '285662'.(url: https://static.wikia.nocookie.net/axiom-verge/images/9/91/Veruska-Rusalka.jpg/revision/latest?cb=20150707234538). saving to images_mismatch dir
2026-05-14 05:39:54: File 'Vision_Boss.jpg' size 104466 is not match '104503'.(url: https://static.wikia.nocookie.net/axiom-verge/images/8/81/Vision_Boss.jpg/revision/latest?cb=20150829174131). saving to images_mismatch dir
2026-05-14 05:39:58: File 'Vision_Portrait.jpg' size 40040 is not match '40077'.(url: https://static.wikia.nocookie.net/axiom-verge/images/d/d7/Vision_Portrait.jpg/revision/latest?cb=20150829175217). saving to images_mismatch dir
2026-05-14 05:40:02: File 'Vision_Small.jpg' size 3787 is not match '3805'.(url: https://static.wikia.nocookie.net/axiom-verge/images/d/da/Vision_Small.jpg/revision/latest?cb=20230120223246). saving to images_mismatch dir
2026-05-14 05:40:06: File 'Volcanic_Rock.jpg' size 250862 is not match '267629'.(url: https://static.wikia.nocookie.net/axiom-verge/images/8/82/Volcanic_Rock.jpg/revision/latest?cb=20220522032214). saving to images_mismatch dir
2026-05-14 05:40:38: File 'Waterfalls.jpg' size 283546 is not match '299980'.(url: https://static.wikia.nocookie.net/axiom-verge/images/2/29/Waterfalls.jpg/revision/latest?cb=20220522033052). saving to images_mismatch dir
2026-05-14 05:40:45: File 'Weapons_NovaLocation.png' size 36041 is not match '36859'.(url: https://static.wikia.nocookie.net/axiom-verge/images/8/85/Weapons_NovaLocation.png/revision/latest?cb=20150527100035). saving to images_mismatch dir
2026-05-14 05:40:56: File 'Wiki-background' size 285245 is not match '285263'.(url: https://static.wikia.nocookie.net/axiom-verge/images/5/50/Wiki-background/revision/latest?cb=20151127223237). saving to images_mismatch dir
2026-05-14 05:41:00: File 'Wiki-background.jpeg' size 285245 is not match '285263'.(url: https://static.wikia.nocookie.net/axiom-verge/images/e/e0/Wiki-background.jpeg/revision/latest?cb=20151113095326). saving to images_mismatch dir
2026-05-14 05:41:15: File 'Xedur's_Lair.jpg' size 330737 is not match '347504'.(url: https://static.wikia.nocookie.net/axiom-verge/images/f/fe/Xedur%27s_Lair.jpg/revision/latest?cb=20220522032749). saving to images_mismatch dir
2026-05-14 05:41:23: File 'Xedur_Hul.jpg' size 3646 is not match '3664'.(url: https://static.wikia.nocookie.net/axiom-verge/images/d/db/Xedur_Hul.jpg/revision/latest?cb=20230120223222). saving to images_mismatch dir
2026-05-14 05:41:28: File 'Xedur_Hul_Variant.jpg' size 93978 is not match '94015'.(url: https://static.wikia.nocookie.net/axiom-verge/images/0/07/Xedur_Hul_Variant.jpg/revision/latest?cb=20150829180752). saving to images_mismatch dir
2026-05-14 05:41:32: File 'Xedur_Variant_Battle.jpg' size 229438 is not match '229475'.(url: https://static.wikia.nocookie.net/axiom-verge/images/1/15/Xedur_Variant_Battle.jpg/revision/latest?cb=20150801013756). saving to images_mismatch dir
